../Src/freertos.c:179:6:vApplicationIdleHook	4	static
../Src/freertos.c:194:6:vApplicationStackOverflowHook	16	static
../Src/freertos.c:203:6:vApplicationMallocFailedHook	4	static
../Src/freertos.c:222:6:vApplicationGetIdleTaskMemory	24	static
../Src/freertos.c:235:6:vApplicationGetTimerTaskMemory	24	static
../Src/freertos.c:249:6:MX_FREERTOS_Init	56	static
../Src/freertos.c:315:6:StartDefaultTask	16	static
../Src/freertos.c:329:6:vTaskGui	224	static
../Src/freertos.c:619:6:vTaskAdcPoll	88	static
../Src/freertos.c:788:6:vTaskProcessControl	144	static
../Src/freertos.c:1299:6:vTaskLogger	344	static
../Src/freertos.c:1431:6:settingsTextAreaEventHandler	40	static
../Src/freertos.c:1463:6:cycleCompleteMsgBoxBtnHandler	32	static
../Src/freertos.c:1487:6:uiButtonEventHandler	24	static
../Src/freertos.c:1501:6:enableButtonEventHandler	24	static
../Src/freertos.c:1515:6:createCycleCompleteMessageBox	24	static
../Src/freertos.c:1535:6:createJogWarningMessageBox	16	static
../Src/freertos.c:1542:10:roundToMultiple	16	static
