../lvgl/src/display/../display/../core/../misc/../font/../draw/../misc/../stdlib/lv_string.h:73:20:lv_memzero	16	static
../lvgl/src/display/lv_display.c:74:16:lv_display_create	40	static
../lvgl/src/display/lv_display.c:195:6:lv_display_delete	24	static
../lvgl/src/display/lv_display.c:259:6:lv_display_set_default	16	static
../lvgl/src/display/lv_display.c:264:16:lv_display_get_default	4	static
../lvgl/src/display/lv_display.c:269:16:lv_display_get_next	16	static
../lvgl/src/display/lv_display.c:281:6:lv_display_set_resolution	24	static
../lvgl/src/display/lv_display.c:294:6:lv_display_set_physical_resolution	24	static
../lvgl/src/display/lv_display.c:306:6:lv_display_set_offset	24	static
../lvgl/src/display/lv_display.c:318:6:lv_display_set_dpi	16	static
../lvgl/src/display/lv_display.c:326:9:lv_display_get_horizontal_resolution	16	static
../lvgl/src/display/lv_display.c:344:9:lv_display_get_vertical_resolution	16	static
../lvgl/src/display/lv_display.c:362:9:lv_display_get_original_horizontal_resolution	16	static
../lvgl/src/display/lv_display.c:372:9:lv_display_get_original_vertical_resolution	16	static
../lvgl/src/display/lv_display.c:382:9:lv_display_get_physical_horizontal_resolution	16	static
../lvgl/src/display/lv_display.c:400:9:lv_display_get_physical_vertical_resolution	16	static
../lvgl/src/display/lv_display.c:418:9:lv_display_get_offset_x	16	static
../lvgl/src/display/lv_display.c:439:9:lv_display_get_offset_y	16	static
../lvgl/src/display/lv_display.c:460:9:lv_display_get_dpi	16	static
../lvgl/src/display/lv_display.c:471:6:lv_display_set_draw_buffers	24	static
../lvgl/src/display/lv_display.c:483:6:lv_display_set_3rd_draw_buffer	16	static
../lvgl/src/display/lv_display.c:494:6:lv_display_set_buffers	56	static
../lvgl/src/display/lv_display.c:528:6:lv_display_set_buffers_with_stride	56	static
../lvgl/src/display/lv_display.c:560:6:lv_display_set_render_mode	16	static
../lvgl/src/display/lv_display.c:567:6:lv_display_set_flush_cb	16	static
../lvgl/src/display/lv_display.c:575:6:lv_display_set_flush_wait_cb	16	static
../lvgl/src/display/lv_display.c:583:6:lv_display_set_color_format	16	static
../lvgl/src/display/lv_display.c:604:19:lv_display_get_color_format	16	static
../lvgl/src/display/lv_display.c:612:6:lv_display_set_tile_cnt	16	static
../lvgl/src/display/lv_display.c:622:10:lv_display_get_tile_cnt	16	static
../lvgl/src/display/lv_display.c:630:6:lv_display_set_antialiasing	16	static
../lvgl/src/display/lv_display.c:640:6:lv_display_get_antialiasing	16	static
../lvgl/src/display/lv_display.c:648:26:lv_display_get_render_mode	16	static
../lvgl/src/display/lv_display.c:656:31:lv_display_flush_ready	16	static
../lvgl/src/display/lv_display.c:661:31:lv_display_flush_is_last	16	static
../lvgl/src/display/lv_display.c:666:6:lv_display_is_double_buffered	16	static
../lvgl/src/display/lv_display.c:675:12:lv_display_get_screen_active	16	static
../lvgl/src/display/lv_display.c:686:12:lv_display_get_screen_loading	16	static
../lvgl/src/display/lv_display.c:697:12:lv_display_get_screen_prev	16	static
../lvgl/src/display/lv_display.c:708:12:lv_display_get_layer_top	16	static
../lvgl/src/display/lv_display.c:719:12:lv_display_get_layer_sys	16	static
../lvgl/src/display/lv_display.c:730:12:lv_display_get_layer_bottom	16	static
../lvgl/src/display/lv_display.c:763:6:lv_screen_load	24	static
../lvgl/src/display/lv_display.c:768:6:lv_screen_load_anim	232	static
../lvgl/src/display/lv_display.c:934:6:lv_display_add_event_cb	24	static
../lvgl/src/display/lv_display.c:941:10:lv_display_get_event_count	16	static
../lvgl/src/display/lv_display.c:947:18:lv_display_get_event_dsc	16	static
../lvgl/src/display/lv_display.c:954:6:lv_display_delete_event	16	static
../lvgl/src/display/lv_display.c:961:10:lv_display_remove_event_cb_with_user_data	40	static
../lvgl/src/display/lv_display.c:980:13:lv_display_send_event	24	static
../lvgl/src/display/lv_display.c:985:13:lv_event_get_invalidated_area	16	static
../lvgl/src/display/lv_display.c:996:6:lv_display_set_rotation	16	static
../lvgl/src/display/lv_display.c:1005:23:lv_display_get_rotation	16	static
../lvgl/src/display/lv_display.c:1012:6:lv_display_set_matrix_rotation	16	static
../lvgl/src/display/lv_display.c:1031:6:lv_display_get_matrix_rotation	16	static
../lvgl/src/display/lv_display.c:1038:6:lv_display_set_theme	24	static
../lvgl/src/display/lv_display.c:1063:14:lv_display_get_theme	16	static
../lvgl/src/display/lv_display.c:1069:10:lv_display_get_inactive_time	32	static
../lvgl/src/display/lv_display.c:1085:6:lv_display_trigger_activity	16	static
../lvgl/src/display/lv_display.c:1096:6:lv_display_enable_invalidation	16	static
../lvgl/src/display/lv_display.c:1107:6:lv_display_is_invalidation_enabled	16	static
../lvgl/src/display/lv_display.c:1118:14:lv_display_get_refr_timer	16	static
../lvgl/src/display/lv_display.c:1126:6:lv_display_delete_refr_timer	16	static
../lvgl/src/display/lv_display.c:1135:13:lv_display_send_vsync_event	16	static
../lvgl/src/display/lv_display.c:1146:6:lv_display_register_vsync_event	24	static
../lvgl/src/display/lv_display.c:1161:6:lv_display_unregister_vsync_event	32	static
../lvgl/src/display/lv_display.c:1178:6:lv_display_set_user_data	16	static
../lvgl/src/display/lv_display.c:1185:6:lv_display_set_driver_data	16	static
../lvgl/src/display/lv_display.c:1193:8:lv_display_get_user_data	16	static
../lvgl/src/display/lv_display.c:1200:8:lv_display_get_driver_data	16	static
../lvgl/src/display/lv_display.c:1208:17:lv_display_get_buf_active	16	static
../lvgl/src/display/lv_display.c:1215:6:lv_display_rotate_area	32	static
../lvgl/src/display/lv_display.c:1248:6:lv_display_rotate_point	32	static
../lvgl/src/display/lv_display.c:1275:10:lv_display_get_draw_buf_size	16	static
../lvgl/src/display/lv_display.c:1286:10:lv_display_get_invalidated_draw_buf_size	40	static
../lvgl/src/display/lv_display.c:1307:12:lv_screen_active	8	static
../lvgl/src/display/lv_display.c:1312:12:lv_layer_top	8	static
../lvgl/src/display/lv_display.c:1317:12:lv_layer_sys	8	static
../lvgl/src/display/lv_display.c:1322:12:lv_layer_bottom	8	static
../lvgl/src/display/lv_display.c:1327:9:lv_dpx	16	static
../lvgl/src/display/lv_display.c:1332:9:lv_display_dpx	16	static
../lvgl/src/display/lv_display.c:1354:13:old_screen_deleted	16	static
../lvgl/src/display/lv_display.c:1358:13:new_screen_deleted	16	static
../lvgl/src/display/lv_display.c:1363:13:update_resolution	48	static
../lvgl/src/display/lv_display.c:1399:31:invalidate_layout_cb	16	static
../lvgl/src/display/lv_display.c:1406:13:screen_event_delete_cb	24	static
../lvgl/src/display/lv_display.c:1428:32:load_new_screen	24	static
../lvgl/src/display/lv_display.c:1494:13:scr_load_anim_start	24	static
../lvgl/src/display/lv_display.c:1504:13:opa_scale_anim	16	static
../lvgl/src/display/lv_display.c:1509:13:set_x_anim	16	static
../lvgl/src/display/lv_display.c:1514:13:set_y_anim	16	static
../lvgl/src/display/lv_display.c:1519:13:scr_anim_completed	24	static
../lvgl/src/display/lv_display.c:1541:13:is_out_anim	16	static
../lvgl/src/display/lv_display.c:1550:13:disp_event_cb	24	static
