../lvgl/src/widgets/span/../../core/../misc/../font/../draw/../misc/../stdlib/lv_string.h:73:20:lv_memzero	16	static
../lvgl/src/widgets/span/../../core/lv_obj_style_gen.h:30:23:lv_obj_get_style_width	24	static
../lvgl/src/widgets/span/../../core/lv_obj_style_gen.h:69:23:lv_obj_get_style_height	24	static
../lvgl/src/widgets/span/../../core/lv_obj_style_gen.h:320:23:lv_obj_get_style_pad_top	24	static
../lvgl/src/widgets/span/../../core/lv_obj_style_gen.h:344:23:lv_obj_get_style_pad_left	24	static
../lvgl/src/widgets/span/../../core/lv_obj_style_gen.h:356:23:lv_obj_get_style_pad_right	24	static
../lvgl/src/widgets/span/../../core/lv_obj_style_gen.h:708:23:lv_obj_get_style_border_width	24	static
../lvgl/src/widgets/span/../../core/lv_obj_style_gen.h:1120:26:lv_obj_get_style_text_color	24	static
../lvgl/src/widgets/span/../../core/lv_obj_style_gen.h:1146:24:lv_obj_get_style_text_opa	24	static
../lvgl/src/widgets/span/../../core/lv_obj_style_gen.h:1158:33:lv_obj_get_style_text_font	24	static
../lvgl/src/widgets/span/../../core/lv_obj_style_gen.h:1170:23:lv_obj_get_style_text_letter_space	24	static
../lvgl/src/widgets/span/../../core/lv_obj_style_gen.h:1182:23:lv_obj_get_style_text_line_space	24	static
../lvgl/src/widgets/span/../../core/lv_obj_style_gen.h:1195:31:lv_obj_get_style_text_decor	24	static
../lvgl/src/widgets/span/../../core/lv_obj_style_gen.h:1210:31:lv_obj_get_style_text_align	24	static
../lvgl/src/widgets/span/../../misc/lv_text_private.h:146:20:lv_text_is_break_char	24	static
../lvgl/src/widgets/span/../../misc/lv_text_private.h:167:20:lv_text_is_a_word	16	static
../lvgl/src/widgets/span/lv_span.c:140:6:lv_span_stack_init	16	static
../lvgl/src/widgets/span/lv_span.c:149:6:lv_span_stack_deinit	8	static
../lvgl/src/widgets/span/lv_span.c:154:12:lv_spangroup_create	24	static
../lvgl/src/widgets/span/lv_span.c:161:13:lv_spangroup_add_span	24	static
../lvgl/src/widgets/span/lv_span.c:181:6:lv_spangroup_delete_span	24	static
../lvgl/src/widgets/span/lv_span.c:211:6:lv_span_set_text	24	static
../lvgl/src/widgets/span/lv_span.c:245:6:lv_span_set_text_fmt	28	static
../lvgl/src/widgets/span/lv_span.c:271:6:lv_spangroup_set_span_text	24	static
../lvgl/src/widgets/span/lv_span.c:277:6:lv_span_set_text_static	16	static
../lvgl/src/widgets/span/lv_span.c:300:6:lv_spangroup_set_span_text_static	24	static
../lvgl/src/widgets/span/lv_span.c:306:6:lv_spangroup_set_span_text_fmt	24	static
../lvgl/src/widgets/span/lv_span.c:333:6:lv_spangroup_set_span_style	24	static
../lvgl/src/widgets/span/lv_span.c:343:6:lv_spangroup_set_align	16	static
../lvgl/src/widgets/span/lv_span.c:350:6:lv_spangroup_set_overflow	24	static
../lvgl/src/widgets/span/lv_span.c:360:6:lv_spangroup_set_indent	24	static
../lvgl/src/widgets/span/lv_span.c:371:6:lv_spangroup_set_mode	16	static
../lvgl/src/widgets/span/lv_span.c:402:6:lv_spangroup_set_max_lines	24	static
../lvgl/src/widgets/span/lv_span.c:415:14:lv_span_get_style	16	static
../lvgl/src/widgets/span/lv_span.c:420:14:lv_span_get_text	16	static
../lvgl/src/widgets/span/lv_span.c:425:13:lv_spangroup_get_child	40	static
../lvgl/src/widgets/span/lv_span.c:462:10:lv_spangroup_get_span_count	24	static
../lvgl/src/widgets/span/lv_span.c:475:17:lv_spangroup_get_align	16	static
../lvgl/src/widgets/span/lv_span.c:480:20:lv_spangroup_get_overflow	24	static
../lvgl/src/widgets/span/lv_span.c:487:9:lv_spangroup_get_indent	24	static
../lvgl/src/widgets/span/lv_span.c:494:16:lv_spangroup_get_mode	16	static
../lvgl/src/widgets/span/lv_span.c:512:9:lv_spangroup_get_max_lines	24	static
../lvgl/src/widgets/span/lv_span.c:520:9:lv_spangroup_get_max_line_height	40	static
../lvgl/src/widgets/span/lv_span.c:538:10:lv_spangroup_get_expand_width	56	static
../lvgl/src/widgets/span/lv_span.c:573:9:lv_spangroup_get_expand_height	160	static
../lvgl/src/widgets/span/lv_span.c:695:18:lv_spangroup_get_span_coords	152	static
../lvgl/src/widgets/span/lv_span.c:727:13:lv_spangroup_get_span_by_point	144	static
../lvgl/src/widgets/span/lv_span.c:767:6:lv_spangroup_refresh	24	static
../lvgl/src/widgets/span/lv_span.c:776:17:lv_spangroup_bind_span_text	32	static
../lvgl/src/widgets/span/lv_span.c:827:13:lv_spangroup_constructor	24	static
../lvgl/src/widgets/span/lv_span.c:840:13:lv_spangroup_destructor	24	static
../lvgl/src/widgets/span/lv_span.c:857:13:lv_spangroup_event	48	static
../lvgl/src/widgets/span/lv_span.c:915:13:draw_main	24	static
../lvgl/src/widgets/span/lv_span.c:926:13:lv_text_get_snippet	56	static
../lvgl/src/widgets/span/lv_span.c:959:13:lv_snippet_push	24	static
../lvgl/src/widgets/span/lv_span.c:971:17:lv_get_snippet_count	4	static
../lvgl/src/widgets/span/lv_span.c:976:23:lv_get_snippet	16	static
../lvgl/src/widgets/span/lv_span.c:981:13:lv_snippet_clear	4	static
../lvgl/src/widgets/span/lv_span.c:986:26:lv_span_get_style_text_font	32	static
../lvgl/src/widgets/span/lv_span.c:1000:16:lv_span_get_style_text_letter_space	32	static
../lvgl/src/widgets/span/lv_span.c:1014:19:lv_span_get_style_text_color	24	static
../lvgl/src/widgets/span/lv_span.c:1024:17:lv_span_get_style_text_opa	24	static
../lvgl/src/widgets/span/lv_span.c:1038:16:lv_span_get_style_text_decor	32	static
../lvgl/src/widgets/span/lv_span.c:1052:20:span_text_check	16	static
../lvgl/src/widgets/span/lv_span.c:1060:16:convert_indent_pct	24	static
../lvgl/src/widgets/span/lv_span.c:1083:13:lv_draw_span	416	static
../lvgl/src/widgets/span/lv_span.c:1446:25:make_span_coords	104	static
../lvgl/src/widgets/span/lv_span.c:1496:13:span_text_observer_cb	24	static
