../hal_stm_lvgl/tft/tft.c:110:6:tft_init	16	static
../hal_stm_lvgl/tft/tft.c:137:13:flush_cb	64	static
../hal_stm_lvgl/tft/tft.c:188:13:LCD_MspInit	64	static
../hal_stm_lvgl/tft/tft.c:256:13:LCD_ClockConfig	8	static
../hal_stm_lvgl/tft/tft.c:276:16:LCD_Init	16	static
../hal_stm_lvgl/tft/tft.c:335:13:LCD_LayerRgb565Init	72	static
../hal_stm_lvgl/tft/tft.c:366:13:LCD_DisplayOn	8	static
../hal_stm_lvgl/tft/tft.c:374:13:DMA_Config	16	static
../hal_stm_lvgl/tft/tft.c:419:13:DMA_TransferComplete	24	static
../hal_stm_lvgl/tft/tft.c:452:13:DMA_TransferError	16	static
../hal_stm_lvgl/tft/tft.c:462:6:DMA2_Stream0_IRQHandler	8	static
